src/components/DetailedPeriodSelector.tsx(201,14): error TS2367: This comparison appears to be unintentional because the types 'PresetRange' and '"all"' have no overlap.
src/services/VoiceService.ts(75,49): error TS2345: Argument of type '{ android: { extension: string; outputFormat: number; audioEncoder: number; sampleRate: number; numberOfChannels: number; bitRate: number; }; ios: { extension: string; outputFormat: string; audioQuality: string; ... 5 more ...; linearPCMIsFloat: boolean; }; web: { ...; }; }' is not assignable to parameter of type 'RecordingOptions'.
  The types of 'ios.audioQuality' are incompatible between these types.
    Type 'string' is not assignable to type 'number'.
src/utils/smsParser.test.ts(21,20): error TS2339: Property 'amount' does not exist on type 'Partial<ParsedTransaction>[]'.
src/utils/smsParser.test.ts(21,64): error TS2339: Property 'amount' does not exist on type 'ParsedTransaction[]'.
src/utils/smsParser.test.ts(21,81): error TS2339: Property 'amount' does not exist on type 'Partial<ParsedTransaction>[]'.
src/utils/smsParser.test.ts(22,20): error TS2339: Property 'type' does not exist on type 'Partial<ParsedTransaction>[]'.
src/utils/smsParser.test.ts(22,49): error TS2339: Property 'type' does not exist on type 'ParsedTransaction[]'.
src/utils/smsParser.test.ts(22,67): error TS2339: Property 'type' does not exist on type 'Partial<ParsedTransaction>[]'.
src/utils/smsParser.test.ts(23,20): error TS2339: Property 'sender' does not exist on type 'Partial<ParsedTransaction>[]'.
src/utils/smsParser.test.ts(23,51): error TS2339: Property 'sender' does not exist on type 'ParsedTransaction[]'.
src/utils/smsParser.test.ts(23,71): error TS2339: Property 'sender' does not exist on type 'Partial<ParsedTransaction>[]'.
src/utils/smsParser.test.ts(24,20): error TS2339: Property 'reference' does not exist on type 'Partial<ParsedTransaction>[]'.
src/utils/smsParser.test.ts(24,54): error TS2339: Property 'reference' does not exist on type 'ParsedTransaction[]'.
src/utils/smsParser.test.ts(24,77): error TS2339: Property 'reference' does not exist on type 'Partial<ParsedTransaction>[]'.
